LX51 LINKER/LOCATER V4.66.1.0                                                           05/15/2020  20:24:07  PAGE 1


LX51 LINKER/LOCATER V4.66.1.0, INVOKED BY:
C:\PROGRAM FILES\KEIL\C51\BIN\LX51.EXE .\keilOut\interrupt.obj, .\keilOut\LED.obj, .\keilOut\main.obj, .\keilOut\tasks.o
>> bj, .\keilOut\UART.obj, .\keilOut\STARTUP.obj TO .\keilOut\code PRINT (.\Listings\code.map)


CPU MODE:     8051 MODE
MEMORY MODEL: SMALL


INPUT MODULES INCLUDED:
  .\keilOut\interrupt.obj (INTERRUPT)
         COMMENT TYPE 0: C51 V9.52.0.0
  .\keilOut\LED.obj (LED)
         COMMENT TYPE 0: C51 V9.52.0.0
  .\keilOut\main.obj (MAIN)
         COMMENT TYPE 0: C51 V9.52.0.0
  .\keilOut\tasks.obj (TASKS)
         COMMENT TYPE 0: C51 V9.52.0.0
  .\keilOut\UART.obj (UART)
         COMMENT TYPE 0: C51 V9.52.0.0
  .\keilOut\STARTUP.obj (?C_STARTUP)
         COMMENT TYPE 0: AX51 V3.10
  C:\PROGRAM FILES\KEIL\C51\LIB\C51S.LIB (?C_INIT)
         COMMENT TYPE 1: A51 / ASM51 Assembler
  C:\PROGRAM FILES\KEIL\C51\LIB\C51S.LIB (?C?IMUL)
         COMMENT TYPE 1: A51 / ASM51 Assembler
  C:\PROGRAM FILES\KEIL\C51\LIB\C51S.LIB (?C?UIDIV)
         COMMENT TYPE 1: A51 / ASM51 Assembler


ACTIVE MEMORY CLASSES OF MODULE:  .\keilOut\code (INTERRUPT)

BASE        START       END         USED      MEMORY CLASS
==========================================================
C:000000H   C:000000H   C:00FFFFH   00027BH   CODE
C:000000H   C:000000H   C:00FFFFH   000070H   CONST
I:000000H   I:000000H   I:00007FH   000012H   DATA
I:000000H   I:000000H   I:0000FFH   000001H   IDATA


MEMORY MAP OF MODULE:  .\keilOut\code (INTERRUPT)


START     STOP      LENGTH    ALIGN  RELOC    MEMORY CLASS   SEGMENT NAME
=========================================================================

* * * * * * * * * * *   D A T A   M E M O R Y   * * * * * * * * * * * * *
000000H   000007H   000008H   ---    AT..     DATA           "REG BANK 0"
000008H   00000DH   000006H   BYTE   UNIT     DATA           ?DT?MAIN
00000EH   000010H   000003H   BYTE   UNIT     DATA           ?DT?TASKS
000011H   000011H   000001H   BYTE   UNIT     DATA           ?DT?UART
000012H   000012H   000001H   BYTE   UNIT     IDATA          ?STACK

* * * * * * * * * * *   C O D E   M E M O R Y   * * * * * * * * * * * * *
000000H   000002H   000003H   ---    OFFS..   CODE           ?CO?STARTUP?3
000003H   00000AH   000008H   BYTE   INBLOCK  CODE           ?PR?INIT?MAIN
00000BH   00000CH   000002H   BYTE   OFFS..   CODE           ?TASKS?0000B
00000DH   00001EH   000012H   BYTE   INBLOCK  CODE           ?PR?TIM_0_INIT?INTERRUPT
00001FH   000022H   000004H   ---    ---      **GAP**
000023H   000024H   000002H   BYTE   OFFS..   CODE           ?UART?00023
000025H   0000E8H   0000C4H   BYTE   INBLOCK  CODE           ?PR?MAIN?MAIN
0000E9H   000122H   00003AH   BYTE   INBLOCK  CODE           ?PR?TIM0_50US?TASKS
000123H   000133H   000011H   BYTE   INBLOCK  CODE           ?PR?_LED_SHOW?LED
000134H   000140H   00000DH   BYTE   INBLOCK  CODE           ?PR?UART_INIT?UART
000141H   00014CH   00000CH   BYTE   INBLOCK  CODE           ?PR?TIM_1_INIT?INTERRUPT
00014DH   000155H   000009H   BYTE   INBLOCK  CODE           ?PR?EX0_INIT?INTERRUPT
LX51 LINKER/LOCATER V4.66.1.0                                                         05/15/2020  20:24:07  PAGE 2


000156H   00015EH   000009H   BYTE   INBLOCK  CODE           ?PR?EX1_INIT?INTERRUPT
00015FH   000167H   000009H   BYTE   INBLOCK  CODE           ?PR?UART_RECEIVE_DATA?UART
000168H   00016FH   000008H   BYTE   INBLOCK  CODE           ?PR?_UART_SEND_DATA?UART
000170H   000174H   000005H   BYTE   INBLOCK  CODE           ?PR?DELAY25US?MAIN
000175H   000200H   00008CH   BYTE   UNIT     CODE           ?C_C51STARTUP
000201H   000267H   000067H   BYTE   UNIT     CODE           ?C?LIB_CODE
000268H   00027EH   000017H   BYTE   UNIT     CODE           ?C_INITSEG
00027FH   0002E2H   000064H   BYTE   UNIT     CONST          ?CO?TASKS
0002E3H   0002EEH   00000CH   BYTE   UNIT     CONST          ?CO?LED



OVERLAY MAP OF MODULE:   .\keilOut\code (INTERRUPT)


FUNCTION/MODULE              BIT_GROUP   DATA_GROUP 
--> CALLED FUNCTION/MODULE  START  STOP  START  STOP
====================================================
TIM0_50US/TASKS             ----- -----  ----- -----
  +--> ?CO?TASKS

?CO?TASKS                   ----- -----  ----- -----

*** NEW ROOT **************

UART_RECEIVE_DATA/UART      ----- -----  ----- -----

*** NEW ROOT **************

?C_C51STARTUP               ----- -----  ----- -----
  +--> MAIN/MAIN
  +--> ?C_INITSEG

MAIN/MAIN                   ----- -----  ----- -----
  +--> INIT/MAIN
  +--> _UART_SEND_DATA/UART
  +--> _LED_SHOW/LED
  +--> DELAY25US/MAIN

INIT/MAIN                   ----- -----  ----- -----
  +--> UART_INIT/UART
  +--> TIM_0_INIT/INTERRUPT
  +--> EX0_INIT/INTERRUPT
  +--> EX1_INIT/INTERRUPT

UART_INIT/UART              ----- -----  ----- -----
  +--> TIM_1_INIT/INTERRUPT

TIM_1_INIT/INTERRUPT        ----- -----  ----- -----

TIM_0_INIT/INTERRUPT        ----- -----  ----- -----

EX0_INIT/INTERRUPT          ----- -----  ----- -----

EX1_INIT/INTERRUPT          ----- -----  ----- -----

_UART_SEND_DATA/UART        ----- -----  ----- -----

_LED_SHOW/LED               ----- -----  ----- -----
  +--> ?CO?LED

?CO?LED                     ----- -----  ----- -----

DELAY25US/MAIN              ----- -----  ----- -----

LX51 LINKER/LOCATER V4.66.1.0                                                         05/15/2020  20:24:07  PAGE 3


?C_INITSEG                  ----- -----  ----- -----



PUBLIC SYMBOLS OF MODULE:  .\keilOut\code (INTERRUPT)


      VALUE       CLASS    TYPE      PUBLIC SYMBOL NAME
      =================================================
      00000000H   NUMBER   ---       ?C?CODESEG
      01000201H   CODE     ---       ?C?IMUL
      01000213H   CODE     ---       ?C?UIDIV
      00000000H   NUMBER   ---       ?C?XDATASEG
      010001BCH   CODE     ---       ?C_START
      01000000H   CODE     NEAR LAB  ?C_STARTUP
      01000123H   CODE     ---       _LED_show
      01000168H   CODE     ---       _UART_send_data
*SFR* 000000D0H.6 DATA     BIT       AC
*SFR* 000000E0H   DATA     BYTE      ACC
*SFR* 000000F0H   DATA     BYTE      B
*SFR* 000000D0H.7 DATA     BIT       CY
      01000170H   CODE     ---       delay25us
*SFR* 00000083H   DATA     BYTE      DPH
*SFR* 00000082H   DATA     BYTE      DPL
*SFR* 000000A8H.7 DATA     BIT       EA
*SFR* 000000A8H.4 DATA     BIT       ES
*SFR* 000000A8H.1 DATA     BIT       ET0
*SFR* 000000A8H.3 DATA     BIT       ET1
*SFR* 000000A8H   DATA     BIT       EX0
      0100014DH   CODE     ---       EX0_init
*SFR* 000000A8H.2 DATA     BIT       EX1
      01000156H   CODE     ---       EX1_init
*SFR* 000000D0H.5 DATA     BIT       F0
      0000000EH   DATA     WORD      i
*SFR* 000000A8H   DATA     BYTE      IE
*SFR* 00000088H.1 DATA     BIT       IE0
*SFR* 00000088H.3 DATA     BIT       IE1
      01000003H   CODE     ---       init
*SFR* 000000B0H.2 DATA     BIT       INT0
*SFR* 000000B0H.3 DATA     BIT       INT1
*SFR* 000000B8H   DATA     BYTE      IP
*SFR* 00000088H   DATA     BIT       IT0
*SFR* 00000088H.2 DATA     BIT       IT1
      00000010H   DATA     BYTE      j
      01000025H   CODE     ---       main
      010002E3H   CONST    ---       num_encode
*SFR* 000000D0H.2 DATA     BIT       OV
*SFR* 000000D0H   DATA     BIT       P
*SFR* 00000080H   DATA     BYTE      P0
*SFR* 00000080H   DATA     BIT       P00
*SFR* 00000080H.1 DATA     BIT       P01
*SFR* 00000080H.2 DATA     BIT       P02
*SFR* 00000080H.3 DATA     BIT       P03
*SFR* 00000080H.4 DATA     BIT       P04
*SFR* 00000080H.5 DATA     BIT       P05
*SFR* 00000080H.6 DATA     BIT       P06
*SFR* 00000080H.7 DATA     BIT       P07
*SFR* 00000090H   DATA     BYTE      P1
*SFR* 00000090H   DATA     BIT       P10
*SFR* 00000090H.1 DATA     BIT       P11
*SFR* 00000090H.2 DATA     BIT       P12
*SFR* 00000090H.3 DATA     BIT       P13
*SFR* 00000090H.4 DATA     BIT       P14
*SFR* 00000090H.5 DATA     BIT       P15
*SFR* 00000090H.6 DATA     BIT       P16
LX51 LINKER/LOCATER V4.66.1.0                                                         05/15/2020  20:24:07  PAGE 4


*SFR* 00000090H.7 DATA     BIT       P17
*SFR* 000000A0H   DATA     BYTE      P2
*SFR* 000000A0H   DATA     BIT       P20
*SFR* 000000A0H.1 DATA     BIT       P21
*SFR* 000000A0H.2 DATA     BIT       P22
*SFR* 000000A0H.3 DATA     BIT       P23
*SFR* 000000A0H.4 DATA     BIT       P24
*SFR* 000000A0H.5 DATA     BIT       P25
*SFR* 000000A0H.6 DATA     BIT       P26
*SFR* 000000A0H.7 DATA     BIT       P27
*SFR* 000000B0H   DATA     BYTE      P3
*SFR* 000000B0H   DATA     BIT       P30
*SFR* 000000B0H.1 DATA     BIT       P31
*SFR* 000000B0H.2 DATA     BIT       P32
*SFR* 000000B0H.3 DATA     BIT       P33
*SFR* 000000B0H.4 DATA     BIT       P34
*SFR* 000000B0H.5 DATA     BIT       P35
*SFR* 000000B0H.6 DATA     BIT       P36
*SFR* 000000B0H.7 DATA     BIT       P37
*SFR* 00000087H   DATA     BYTE      PCON
*SFR* 000000A0H   DATA     BYTE      PPAGE_SFR
*SFR* 000000B8H.4 DATA     BIT       PS
*SFR* 000000D0H   DATA     BYTE      PSW
*SFR* 000000B8H.1 DATA     BIT       PT0
*SFR* 000000B8H.3 DATA     BIT       PT1
*SFR* 000000B8H   DATA     BIT       PX0
*SFR* 000000B8H.2 DATA     BIT       PX1
*SFR* 00000098H.2 DATA     BIT       RB8
*SFR* 000000B0H.7 DATA     BIT       RD
*SFR* 00000098H.4 DATA     BIT       REN
*SFR* 00000098H   DATA     BIT       RI
*SFR* 000000D0H.3 DATA     BIT       RS0
*SFR* 000000D0H.4 DATA     BIT       RS1
*SFR* 000000B0H   DATA     BIT       RXD
*SFR* 00000099H   DATA     BYTE      SBUF
*SFR* 00000098H   DATA     BYTE      SCON
      0100027FH   CONST    ---       sin_wave
*SFR* 00000098H.7 DATA     BIT       SM0
*SFR* 00000098H.6 DATA     BIT       SM1
*SFR* 00000098H.5 DATA     BIT       SM2
*SFR* 00000081H   DATA     BYTE      SP
      0000000CH   DATA     WORD      T
*SFR* 000000B0H.4 DATA     BIT       T0
*SFR* 000000B0H.5 DATA     BIT       T1
*SFR* 00000098H.3 DATA     BIT       TB8
*SFR* 00000088H   DATA     BYTE      TCON
*SFR* 00000088H.5 DATA     BIT       TF0
*SFR* 00000088H.7 DATA     BIT       TF1
*SFR* 0000008CH   DATA     BYTE      TH0
*SFR* 0000008DH   DATA     BYTE      TH1
*SFR* 00000098H.1 DATA     BIT       TI
      010000E9H   CODE     ---       TIM0_50us
      0100000DH   CODE     ---       TIM_0_init
      01000141H   CODE     ---       TIM_1_init
      00000008H   DATA     WORD      time
*SFR* 0000008AH   DATA     BYTE      TL0
*SFR* 0000008BH   DATA     BYTE      TL1
*SFR* 00000089H   DATA     BYTE      TMOD
      0000000AH   DATA     WORD      tmp
*SFR* 00000088H.4 DATA     BIT       TR0
*SFR* 00000088H.6 DATA     BIT       TR1
*SFR* 000000B0H.1 DATA     BIT       TXD
      01000134H   CODE     ---       UART_init
      0100015FH   CODE     ---       UART_receive_data
      00000011H   DATA     BYTE      UARTReceiveData
LX51 LINKER/LOCATER V4.66.1.0                                                         05/15/2020  20:24:07  PAGE 5


*SFR* 000000B0H.6 DATA     BIT       WR



SYMBOL TABLE OF MODULE:  .\keilOut\code (INTERRUPT)

      VALUE       REP       CLASS    TYPE      SYMBOL NAME
      ====================================================
      ---         MODULE    ---      ---       INTERRUPT
      01000156H   PUBLIC    CODE     ---       EX1_init
      0100014DH   PUBLIC    CODE     ---       EX0_init
      01000141H   PUBLIC    CODE     ---       TIM_1_init
      0100000DH   PUBLIC    CODE     ---       TIM_0_init
      00000080H   SFRSYM    DATA     BYTE      P0
      00000090H   SFRSYM    DATA     BYTE      P1
      000000A0H   SFRSYM    DATA     BYTE      P2
      000000B0H   SFRSYM    DATA     BYTE      P3
      000000B0H.4 SFRSYM    DATA     BIT       T0
      000000D0H.6 SFRSYM    DATA     BIT       AC
      000000B0H.5 SFRSYM    DATA     BIT       T1
      000000A8H.7 SFRSYM    DATA     BIT       EA
      000000A8H   SFRSYM    DATA     BYTE      IE
      000000B0H.7 SFRSYM    DATA     BIT       RD
      000000A8H.4 SFRSYM    DATA     BIT       ES
      000000B8H   SFRSYM    DATA     BYTE      IP
      00000098H   SFRSYM    DATA     BIT       RI
      000000B0H.2 SFRSYM    DATA     BIT       INT0
      000000D0H.7 SFRSYM    DATA     BIT       CY
      00000098H.1 SFRSYM    DATA     BIT       TI
      000000B0H.3 SFRSYM    DATA     BIT       INT1
      000000B8H.4 SFRSYM    DATA     BIT       PS
      00000081H   SFRSYM    DATA     BYTE      SP
      000000D0H.2 SFRSYM    DATA     BIT       OV
      000000B0H.6 SFRSYM    DATA     BIT       WR
      00000080H   SFRSYM    DATA     BIT       P00
      00000090H   SFRSYM    DATA     BIT       P10
      00000080H.1 SFRSYM    DATA     BIT       P01
      00000099H   SFRSYM    DATA     BYTE      SBUF
      00000087H   SFRSYM    DATA     BYTE      PCON
      000000A0H   SFRSYM    DATA     BIT       P20
      00000090H.1 SFRSYM    DATA     BIT       P11
      00000080H.2 SFRSYM    DATA     BIT       P02
      000000B0H   SFRSYM    DATA     BIT       P30
      000000A0H.1 SFRSYM    DATA     BIT       P21
      00000090H.2 SFRSYM    DATA     BIT       P12
      00000080H.3 SFRSYM    DATA     BIT       P03
      000000B0H.1 SFRSYM    DATA     BIT       P31
      000000A0H.2 SFRSYM    DATA     BIT       P22
      00000090H.3 SFRSYM    DATA     BIT       P13
      00000080H.4 SFRSYM    DATA     BIT       P04
      00000098H   SFRSYM    DATA     BYTE      SCON
      000000B0H.2 SFRSYM    DATA     BIT       P32
      000000A0H.3 SFRSYM    DATA     BIT       P23
      00000090H.4 SFRSYM    DATA     BIT       P14
      00000080H.5 SFRSYM    DATA     BIT       P05
      00000089H   SFRSYM    DATA     BYTE      TMOD
      00000088H   SFRSYM    DATA     BYTE      TCON
      000000B0H.3 SFRSYM    DATA     BIT       P33
      000000A0H.4 SFRSYM    DATA     BIT       P24
      00000090H.5 SFRSYM    DATA     BIT       P15
      00000080H.6 SFRSYM    DATA     BIT       P06
      000000B0H.4 SFRSYM    DATA     BIT       P34
      000000A0H.5 SFRSYM    DATA     BIT       P25
      00000090H.6 SFRSYM    DATA     BIT       P16
      00000080H.7 SFRSYM    DATA     BIT       P07
LX51 LINKER/LOCATER V4.66.1.0                                                         05/15/2020  20:24:07  PAGE 6


      000000B0H.5 SFRSYM    DATA     BIT       P35
      000000A0H.6 SFRSYM    DATA     BIT       P26
      00000090H.7 SFRSYM    DATA     BIT       P17
      000000B0H.6 SFRSYM    DATA     BIT       P36
      000000A0H.7 SFRSYM    DATA     BIT       P27
      000000B0H.7 SFRSYM    DATA     BIT       P37
      00000088H.1 SFRSYM    DATA     BIT       IE0
      00000088H.3 SFRSYM    DATA     BIT       IE1
      000000F0H   SFRSYM    DATA     BYTE      B
      000000E0H   SFRSYM    DATA     BYTE      ACC
      000000A8H.1 SFRSYM    DATA     BIT       ET0
      000000A8H.3 SFRSYM    DATA     BIT       ET1
      00000088H.5 SFRSYM    DATA     BIT       TF0
      00000088H.7 SFRSYM    DATA     BIT       TF1
      00000098H.2 SFRSYM    DATA     BIT       RB8
      0000008CH   SFRSYM    DATA     BYTE      TH0
      000000A8H   SFRSYM    DATA     BIT       EX0
      00000088H   SFRSYM    DATA     BIT       IT0
      0000008DH   SFRSYM    DATA     BYTE      TH1
      00000098H.3 SFRSYM    DATA     BIT       TB8
      000000A8H.2 SFRSYM    DATA     BIT       EX1
      00000088H.2 SFRSYM    DATA     BIT       IT1
      000000D0H   SFRSYM    DATA     BIT       P
      00000098H.7 SFRSYM    DATA     BIT       SM0
      0000008AH   SFRSYM    DATA     BYTE      TL0
      00000098H.6 SFRSYM    DATA     BIT       SM1
      0000008BH   SFRSYM    DATA     BYTE      TL1
      00000098H.5 SFRSYM    DATA     BIT       SM2
      000000B8H.1 SFRSYM    DATA     BIT       PT0
      000000B8H.3 SFRSYM    DATA     BIT       PT1
      000000D0H.3 SFRSYM    DATA     BIT       RS0
      00000088H.4 SFRSYM    DATA     BIT       TR0
      000000D0H.4 SFRSYM    DATA     BIT       RS1
      00000088H.6 SFRSYM    DATA     BIT       TR1
      000000B8H   SFRSYM    DATA     BIT       PX0
      000000B8H.2 SFRSYM    DATA     BIT       PX1
      00000083H   SFRSYM    DATA     BYTE      DPH
      00000082H   SFRSYM    DATA     BYTE      DPL
      00000098H.4 SFRSYM    DATA     BIT       REN
      000000B0H   SFRSYM    DATA     BIT       RXD
      000000B0H.1 SFRSYM    DATA     BIT       TXD
      000000D0H.5 SFRSYM    DATA     BIT       F0
      000000D0H   SFRSYM    DATA     BYTE      PSW

      0100000DH   BLOCK     CODE     ---       LVL=0
      0100000DH   LINE      CODE     ---       #4
      0100000DH   LINE      CODE     ---       #5
      0100000DH   LINE      CODE     ---       #6
      01000010H   LINE      CODE     ---       #7
      01000013H   LINE      CODE     ---       #8
      01000016H   LINE      CODE     ---       #9
      01000018H   LINE      CODE     ---       #10
      0100001AH   LINE      CODE     ---       #11
      0100001CH   LINE      CODE     ---       #12
      0100001EH   LINE      CODE     ---       #13
      ---         BLOCKEND  ---      ---       LVL=0

      01000141H   BLOCK     CODE     ---       LVL=0
      01000141H   LINE      CODE     ---       #15
      01000141H   LINE      CODE     ---       #16
      01000141H   LINE      CODE     ---       #17
      01000144H   LINE      CODE     ---       #18
      01000147H   LINE      CODE     ---       #19
      0100014AH   LINE      CODE     ---       #20
      0100014CH   LINE      CODE     ---       #21
LX51 LINKER/LOCATER V4.66.1.0                                                         05/15/2020  20:24:07  PAGE 7


      ---         BLOCKEND  ---      ---       LVL=0

      0100014DH   BLOCK     CODE     ---       LVL=0
      0100014DH   LINE      CODE     ---       #23
      0100014DH   LINE      CODE     ---       #24
      0100014DH   LINE      CODE     ---       #25
      0100014FH   LINE      CODE     ---       #26
      01000151H   LINE      CODE     ---       #27
      01000153H   LINE      CODE     ---       #28
      01000155H   LINE      CODE     ---       #29
      ---         BLOCKEND  ---      ---       LVL=0

      01000156H   BLOCK     CODE     ---       LVL=0
      01000156H   LINE      CODE     ---       #31
      01000156H   LINE      CODE     ---       #32
      01000156H   LINE      CODE     ---       #33
      01000158H   LINE      CODE     ---       #34
      0100015AH   LINE      CODE     ---       #35
      0100015CH   LINE      CODE     ---       #36
      0100015EH   LINE      CODE     ---       #37
      ---         BLOCKEND  ---      ---       LVL=0

      ---         MODULE    ---      ---       LED
      010002E3H   PUBLIC    CONST    ---       num_encode
      01000123H   PUBLIC    CODE     ---       _LED_show
      00000080H   SFRSYM    DATA     BYTE      P0
      00000090H   SFRSYM    DATA     BYTE      P1
      000000A0H   SFRSYM    DATA     BYTE      P2
      000000B0H   SFRSYM    DATA     BYTE      P3
      000000B0H.4 SFRSYM    DATA     BIT       T0
      000000D0H.6 SFRSYM    DATA     BIT       AC
      000000B0H.5 SFRSYM    DATA     BIT       T1
      000000A8H.7 SFRSYM    DATA     BIT       EA
      000000A8H   SFRSYM    DATA     BYTE      IE
      000000B0H.7 SFRSYM    DATA     BIT       RD
      000000A8H.4 SFRSYM    DATA     BIT       ES
      000000B8H   SFRSYM    DATA     BYTE      IP
      00000098H   SFRSYM    DATA     BIT       RI
      000000B0H.2 SFRSYM    DATA     BIT       INT0
      000000D0H.7 SFRSYM    DATA     BIT       CY
      00000098H.1 SFRSYM    DATA     BIT       TI
      000000B0H.3 SFRSYM    DATA     BIT       INT1
      000000B8H.4 SFRSYM    DATA     BIT       PS
      00000081H   SFRSYM    DATA     BYTE      SP
      000000D0H.2 SFRSYM    DATA     BIT       OV
      000000B0H.6 SFRSYM    DATA     BIT       WR
      00000080H   SFRSYM    DATA     BIT       P00
      00000090H   SFRSYM    DATA     BIT       P10
      00000080H.1 SFRSYM    DATA     BIT       P01
      00000099H   SFRSYM    DATA     BYTE      SBUF
      00000087H   SFRSYM    DATA     BYTE      PCON
      000000A0H   SFRSYM    DATA     BIT       P20
      00000090H.1 SFRSYM    DATA     BIT       P11
      00000080H.2 SFRSYM    DATA     BIT       P02
      000000B0H   SFRSYM    DATA     BIT       P30
      000000A0H.1 SFRSYM    DATA     BIT       P21
      00000090H.2 SFRSYM    DATA     BIT       P12
      00000080H.3 SFRSYM    DATA     BIT       P03
      000000B0H.1 SFRSYM    DATA     BIT       P31
      000000A0H.2 SFRSYM    DATA     BIT       P22
      00000090H.3 SFRSYM    DATA     BIT       P13
      00000080H.4 SFRSYM    DATA     BIT       P04
      00000098H   SFRSYM    DATA     BYTE      SCON
      000000B0H.2 SFRSYM    DATA     BIT       P32
      000000A0H.3 SFRSYM    DATA     BIT       P23
LX51 LINKER/LOCATER V4.66.1.0                                                         05/15/2020  20:24:07  PAGE 8


      00000090H.4 SFRSYM    DATA     BIT       P14
      00000080H.5 SFRSYM    DATA     BIT       P05
      00000089H   SFRSYM    DATA     BYTE      TMOD
      00000088H   SFRSYM    DATA     BYTE      TCON
      000000B0H.3 SFRSYM    DATA     BIT       P33
      000000A0H.4 SFRSYM    DATA     BIT       P24
      00000090H.5 SFRSYM    DATA     BIT       P15
      00000080H.6 SFRSYM    DATA     BIT       P06
      000000B0H.4 SFRSYM    DATA     BIT       P34
      000000A0H.5 SFRSYM    DATA     BIT       P25
      00000090H.6 SFRSYM    DATA     BIT       P16
      00000080H.7 SFRSYM    DATA     BIT       P07
      000000B0H.5 SFRSYM    DATA     BIT       P35
      000000A0H.6 SFRSYM    DATA     BIT       P26
      00000090H.7 SFRSYM    DATA     BIT       P17
      000000B0H.6 SFRSYM    DATA     BIT       P36
      000000A0H.7 SFRSYM    DATA     BIT       P27
      000000B0H.7 SFRSYM    DATA     BIT       P37
      00000088H.1 SFRSYM    DATA     BIT       IE0
      00000088H.3 SFRSYM    DATA     BIT       IE1
      000000F0H   SFRSYM    DATA     BYTE      B
      000000E0H   SFRSYM    DATA     BYTE      ACC
      000000A8H.1 SFRSYM    DATA     BIT       ET0
      000000A8H.3 SFRSYM    DATA     BIT       ET1
      00000088H.5 SFRSYM    DATA     BIT       TF0
      00000088H.7 SFRSYM    DATA     BIT       TF1
      00000098H.2 SFRSYM    DATA     BIT       RB8
      0000008CH   SFRSYM    DATA     BYTE      TH0
      000000A8H   SFRSYM    DATA     BIT       EX0
      00000088H   SFRSYM    DATA     BIT       IT0
      0000008DH   SFRSYM    DATA     BYTE      TH1
      00000098H.3 SFRSYM    DATA     BIT       TB8
      000000A8H.2 SFRSYM    DATA     BIT       EX1
      00000088H.2 SFRSYM    DATA     BIT       IT1
      000000D0H   SFRSYM    DATA     BIT       P
      00000098H.7 SFRSYM    DATA     BIT       SM0
      0000008AH   SFRSYM    DATA     BYTE      TL0
      00000098H.6 SFRSYM    DATA     BIT       SM1
      0000008BH   SFRSYM    DATA     BYTE      TL1
      00000098H.5 SFRSYM    DATA     BIT       SM2
      000000B8H.1 SFRSYM    DATA     BIT       PT0
      000000B8H.3 SFRSYM    DATA     BIT       PT1
      000000D0H.3 SFRSYM    DATA     BIT       RS0
      00000088H.4 SFRSYM    DATA     BIT       TR0
      000000D0H.4 SFRSYM    DATA     BIT       RS1
      00000088H.6 SFRSYM    DATA     BIT       TR1
      000000B8H   SFRSYM    DATA     BIT       PX0
      000000B8H.2 SFRSYM    DATA     BIT       PX1
      00000083H   SFRSYM    DATA     BYTE      DPH
      00000082H   SFRSYM    DATA     BYTE      DPL
      00000098H.4 SFRSYM    DATA     BIT       REN
      000000B0H   SFRSYM    DATA     BIT       RXD
      000000B0H.1 SFRSYM    DATA     BIT       TXD
      000000D0H.5 SFRSYM    DATA     BIT       F0
      000000D0H   SFRSYM    DATA     BYTE      PSW

      01000123H   BLOCK     CODE     ---       LVL=0
      00000007H   SYMBOL    DATA     BYTE      LED_number
      00000005H   SYMBOL    DATA     BYTE      num
      01000123H   BLOCK     CODE     NEAR LAB  LVL=1
      00000006H   SYMBOL    DATA     BYTE      tmp
      ---         BLOCKEND  ---      ---       LVL=1
      01000123H   LINE      CODE     ---       #3
      01000123H   LINE      CODE     ---       #4
      01000123H   LINE      CODE     ---       #5
LX51 LINKER/LOCATER V4.66.1.0                                                         05/15/2020  20:24:07  PAGE 9


      01000123H   LINE      CODE     ---       #6
      01000128H   LINE      CODE     ---       #7
      0100012CH   LINE      CODE     ---       #8
      01000133H   LINE      CODE     ---       #9
      ---         BLOCKEND  ---      ---       LVL=0

      ---         MODULE    ---      ---       MAIN
      0000000CH   PUBLIC    DATA     WORD      T
      0000000AH   PUBLIC    DATA     WORD      tmp
      00000008H   PUBLIC    DATA     WORD      time
      01000025H   PUBLIC    CODE     ---       main
      01000003H   PUBLIC    CODE     ---       init
      01000170H   PUBLIC    CODE     ---       delay25us
      00000080H   SFRSYM    DATA     BYTE      P0
      00000090H   SFRSYM    DATA     BYTE      P1
      000000A0H   SFRSYM    DATA     BYTE      P2
      000000B0H   SFRSYM    DATA     BYTE      P3
      000000B0H.4 SFRSYM    DATA     BIT       T0
      000000D0H.6 SFRSYM    DATA     BIT       AC
      000000B0H.5 SFRSYM    DATA     BIT       T1
      000000A8H.7 SFRSYM    DATA     BIT       EA
      000000A8H   SFRSYM    DATA     BYTE      IE
      000000B0H.7 SFRSYM    DATA     BIT       RD
      000000A8H.4 SFRSYM    DATA     BIT       ES
      000000B8H   SFRSYM    DATA     BYTE      IP
      00000098H   SFRSYM    DATA     BIT       RI
      000000B0H.2 SFRSYM    DATA     BIT       INT0
      000000D0H.7 SFRSYM    DATA     BIT       CY
      00000098H.1 SFRSYM    DATA     BIT       TI
      000000B0H.3 SFRSYM    DATA     BIT       INT1
      000000B8H.4 SFRSYM    DATA     BIT       PS
      00000081H   SFRSYM    DATA     BYTE      SP
      000000D0H.2 SFRSYM    DATA     BIT       OV
      000000B0H.6 SFRSYM    DATA     BIT       WR
      00000080H   SFRSYM    DATA     BIT       P00
      00000090H   SFRSYM    DATA     BIT       P10
      00000080H.1 SFRSYM    DATA     BIT       P01
      00000099H   SFRSYM    DATA     BYTE      SBUF
      00000087H   SFRSYM    DATA     BYTE      PCON
      000000A0H   SFRSYM    DATA     BIT       P20
      00000090H.1 SFRSYM    DATA     BIT       P11
      00000080H.2 SFRSYM    DATA     BIT       P02
      000000B0H   SFRSYM    DATA     BIT       P30
      000000A0H.1 SFRSYM    DATA     BIT       P21
      00000090H.2 SFRSYM    DATA     BIT       P12
      00000080H.3 SFRSYM    DATA     BIT       P03
      000000B0H.1 SFRSYM    DATA     BIT       P31
      000000A0H.2 SFRSYM    DATA     BIT       P22
      00000090H.3 SFRSYM    DATA     BIT       P13
      00000080H.4 SFRSYM    DATA     BIT       P04
      00000098H   SFRSYM    DATA     BYTE      SCON
      000000B0H.2 SFRSYM    DATA     BIT       P32
      000000A0H.3 SFRSYM    DATA     BIT       P23
      00000090H.4 SFRSYM    DATA     BIT       P14
      00000080H.5 SFRSYM    DATA     BIT       P05
      00000089H   SFRSYM    DATA     BYTE      TMOD
      00000088H   SFRSYM    DATA     BYTE      TCON
      000000B0H.3 SFRSYM    DATA     BIT       P33
      000000A0H.4 SFRSYM    DATA     BIT       P24
      00000090H.5 SFRSYM    DATA     BIT       P15
      00000080H.6 SFRSYM    DATA     BIT       P06
      000000B0H.4 SFRSYM    DATA     BIT       P34
      000000A0H.5 SFRSYM    DATA     BIT       P25
      00000090H.6 SFRSYM    DATA     BIT       P16
      00000080H.7 SFRSYM    DATA     BIT       P07
LX51 LINKER/LOCATER V4.66.1.0                                                         05/15/2020  20:24:07  PAGE 10


      000000B0H.5 SFRSYM    DATA     BIT       P35
      000000A0H.6 SFRSYM    DATA     BIT       P26
      00000090H.7 SFRSYM    DATA     BIT       P17
      000000B0H.6 SFRSYM    DATA     BIT       P36
      000000A0H.7 SFRSYM    DATA     BIT       P27
      000000B0H.7 SFRSYM    DATA     BIT       P37
      00000088H.1 SFRSYM    DATA     BIT       IE0
      00000088H.3 SFRSYM    DATA     BIT       IE1
      000000F0H   SFRSYM    DATA     BYTE      B
      000000E0H   SFRSYM    DATA     BYTE      ACC
      000000A8H.1 SFRSYM    DATA     BIT       ET0
      000000A8H.3 SFRSYM    DATA     BIT       ET1
      00000088H.5 SFRSYM    DATA     BIT       TF0
      00000088H.7 SFRSYM    DATA     BIT       TF1
      00000098H.2 SFRSYM    DATA     BIT       RB8
      0000008CH   SFRSYM    DATA     BYTE      TH0
      000000A8H   SFRSYM    DATA     BIT       EX0
      00000088H   SFRSYM    DATA     BIT       IT0
      0000008DH   SFRSYM    DATA     BYTE      TH1
      00000098H.3 SFRSYM    DATA     BIT       TB8
      000000A8H.2 SFRSYM    DATA     BIT       EX1
      00000088H.2 SFRSYM    DATA     BIT       IT1
      000000D0H   SFRSYM    DATA     BIT       P
      00000098H.7 SFRSYM    DATA     BIT       SM0
      0000008AH   SFRSYM    DATA     BYTE      TL0
      00000098H.6 SFRSYM    DATA     BIT       SM1
      0000008BH   SFRSYM    DATA     BYTE      TL1
      00000098H.5 SFRSYM    DATA     BIT       SM2
      000000B8H.1 SFRSYM    DATA     BIT       PT0
      000000B8H.3 SFRSYM    DATA     BIT       PT1
      000000D0H.3 SFRSYM    DATA     BIT       RS0
      00000088H.4 SFRSYM    DATA     BIT       TR0
      000000D0H.4 SFRSYM    DATA     BIT       RS1
      00000088H.6 SFRSYM    DATA     BIT       TR1
      000000B8H   SFRSYM    DATA     BIT       PX0
      000000B8H.2 SFRSYM    DATA     BIT       PX1
      00000083H   SFRSYM    DATA     BYTE      DPH
      00000082H   SFRSYM    DATA     BYTE      DPL
      00000098H.4 SFRSYM    DATA     BIT       REN
      000000B0H   SFRSYM    DATA     BIT       RXD
      000000B0H.1 SFRSYM    DATA     BIT       TXD
      000000D0H.5 SFRSYM    DATA     BIT       F0
      000000D0H   SFRSYM    DATA     BYTE      PSW

      01000170H   BLOCK     CODE     ---       LVL=0
      01000170H   BLOCK     CODE     NEAR LAB  LVL=1
      00000007H   SYMBOL    DATA     BYTE      a
      ---         BLOCKEND  ---      ---       LVL=1
      01000170H   LINE      CODE     ---       #13
      01000170H   LINE      CODE     ---       #14
      01000170H   LINE      CODE     ---       #16
      01000174H   LINE      CODE     ---       #17
      ---         BLOCKEND  ---      ---       LVL=0

      01000003H   BLOCK     CODE     ---       LVL=0
      01000003H   LINE      CODE     ---       #21
      01000003H   LINE      CODE     ---       #22
      01000003H   LINE      CODE     ---       #23
      01000005H   LINE      CODE     ---       #24
      01000007H   LINE      CODE     ---       #25
      01000009H   LINE      CODE     ---       #26
      ---         BLOCKEND  ---      ---       LVL=0

      01000025H   BLOCK     CODE     ---       LVL=0
      01000025H   LINE      CODE     ---       #30
LX51 LINKER/LOCATER V4.66.1.0                                                         05/15/2020  20:24:07  PAGE 11


      01000025H   LINE      CODE     ---       #31
      01000025H   LINE      CODE     ---       #32
      01000027H   LINE      CODE     ---       #33
      0100002DH   LINE      CODE     ---       #35
      0100002DH   LINE      CODE     ---       #36
      0100002DH   LINE      CODE     ---       #38
      01000033H   LINE      CODE     ---       #39
      01000033H   LINE      CODE     ---       #40
      0100003EH   LINE      CODE     ---       #41
      0100003EH   LINE      CODE     ---       #42
      01000044H   LINE      CODE     ---       #43
      01000044H   LINE      CODE     ---       #44
      0100004AH   LINE      CODE     ---       #45
      0100004AH   LINE      CODE     ---       #46
      01000050H   LINE      CODE     ---       #47
      01000050H   LINE      CODE     ---       #48
      0100005CH   LINE      CODE     ---       #49
      0100005CH   LINE      CODE     ---       #51
      01000067H   LINE      CODE     ---       #52
      01000074H   LINE      CODE     ---       #55
      01000079H   LINE      CODE     ---       #56
      0100007FH   LINE      CODE     ---       #59
      01000089H   LINE      CODE     ---       #60
      01000089H   LINE      CODE     ---       #61
      0100008FH   LINE      CODE     ---       #62
      01000095H   LINE      CODE     ---       #63
      01000097H   LINE      CODE     ---       #65
      01000097H   LINE      CODE     ---       #66
      0100009DH   LINE      CODE     ---       #67
      0100009FH   LINE      CODE     ---       #68
      010000AFH   LINE      CODE     ---       #69
      010000B1H   LINE      CODE     ---       #70
      010000CDH   LINE      CODE     ---       #71
      010000CFH   LINE      CODE     ---       #72
      010000DDH   LINE      CODE     ---       #73
      010000DFH   LINE      CODE     ---       #74
      010000DFH   LINE      CODE     ---       #75
      010000E1H   LINE      CODE     ---       #76
      010000E7H   LINE      CODE     ---       #79
      ---         BLOCKEND  ---      ---       LVL=0

      ---         MODULE    ---      ---       TASKS
      00000010H   PUBLIC    DATA     BYTE      j
      0000000EH   PUBLIC    DATA     WORD      i
      0100027FH   PUBLIC    CONST    ---       sin_wave
      010000E9H   PUBLIC    CODE     ---       TIM0_50us
      00000080H   SFRSYM    DATA     BYTE      P0
      00000090H   SFRSYM    DATA     BYTE      P1
      000000A0H   SFRSYM    DATA     BYTE      P2
      000000B0H   SFRSYM    DATA     BYTE      P3
      000000B0H.4 SFRSYM    DATA     BIT       T0
      000000D0H.6 SFRSYM    DATA     BIT       AC
      000000B0H.5 SFRSYM    DATA     BIT       T1
      000000A8H.7 SFRSYM    DATA     BIT       EA
      000000A8H   SFRSYM    DATA     BYTE      IE
      000000B0H.7 SFRSYM    DATA     BIT       RD
      000000A8H.4 SFRSYM    DATA     BIT       ES
      000000B8H   SFRSYM    DATA     BYTE      IP
      00000098H   SFRSYM    DATA     BIT       RI
      000000B0H.2 SFRSYM    DATA     BIT       INT0
      000000D0H.7 SFRSYM    DATA     BIT       CY
      00000098H.1 SFRSYM    DATA     BIT       TI
      000000B0H.3 SFRSYM    DATA     BIT       INT1
      000000B8H.4 SFRSYM    DATA     BIT       PS
      00000081H   SFRSYM    DATA     BYTE      SP
LX51 LINKER/LOCATER V4.66.1.0                                                         05/15/2020  20:24:07  PAGE 12


      000000D0H.2 SFRSYM    DATA     BIT       OV
      000000B0H.6 SFRSYM    DATA     BIT       WR
      00000080H   SFRSYM    DATA     BIT       P00
      00000090H   SFRSYM    DATA     BIT       P10
      00000080H.1 SFRSYM    DATA     BIT       P01
      00000099H   SFRSYM    DATA     BYTE      SBUF
      00000087H   SFRSYM    DATA     BYTE      PCON
      000000A0H   SFRSYM    DATA     BIT       P20
      00000090H.1 SFRSYM    DATA     BIT       P11
      00000080H.2 SFRSYM    DATA     BIT       P02
      000000B0H   SFRSYM    DATA     BIT       P30
      000000A0H.1 SFRSYM    DATA     BIT       P21
      00000090H.2 SFRSYM    DATA     BIT       P12
      00000080H.3 SFRSYM    DATA     BIT       P03
      000000B0H.1 SFRSYM    DATA     BIT       P31
      000000A0H.2 SFRSYM    DATA     BIT       P22
      00000090H.3 SFRSYM    DATA     BIT       P13
      00000080H.4 SFRSYM    DATA     BIT       P04
      00000098H   SFRSYM    DATA     BYTE      SCON
      000000B0H.2 SFRSYM    DATA     BIT       P32
      000000A0H.3 SFRSYM    DATA     BIT       P23
      00000090H.4 SFRSYM    DATA     BIT       P14
      00000080H.5 SFRSYM    DATA     BIT       P05
      00000089H   SFRSYM    DATA     BYTE      TMOD
      00000088H   SFRSYM    DATA     BYTE      TCON
      000000B0H.3 SFRSYM    DATA     BIT       P33
      000000A0H.4 SFRSYM    DATA     BIT       P24
      00000090H.5 SFRSYM    DATA     BIT       P15
      00000080H.6 SFRSYM    DATA     BIT       P06
      000000B0H.4 SFRSYM    DATA     BIT       P34
      000000A0H.5 SFRSYM    DATA     BIT       P25
      00000090H.6 SFRSYM    DATA     BIT       P16
      00000080H.7 SFRSYM    DATA     BIT       P07
      000000B0H.5 SFRSYM    DATA     BIT       P35
      000000A0H.6 SFRSYM    DATA     BIT       P26
      00000090H.7 SFRSYM    DATA     BIT       P17
      000000B0H.6 SFRSYM    DATA     BIT       P36
      000000A0H.7 SFRSYM    DATA     BIT       P27
      000000B0H.7 SFRSYM    DATA     BIT       P37
      00000088H.1 SFRSYM    DATA     BIT       IE0
      00000088H.3 SFRSYM    DATA     BIT       IE1
      000000F0H   SFRSYM    DATA     BYTE      B
      000000E0H   SFRSYM    DATA     BYTE      ACC
      000000A8H.1 SFRSYM    DATA     BIT       ET0
      000000A8H.3 SFRSYM    DATA     BIT       ET1
      00000088H.5 SFRSYM    DATA     BIT       TF0
      00000088H.7 SFRSYM    DATA     BIT       TF1
      00000098H.2 SFRSYM    DATA     BIT       RB8
      0000008CH   SFRSYM    DATA     BYTE      TH0
      000000A8H   SFRSYM    DATA     BIT       EX0
      00000088H   SFRSYM    DATA     BIT       IT0
      0000008DH   SFRSYM    DATA     BYTE      TH1
      00000098H.3 SFRSYM    DATA     BIT       TB8
      000000A8H.2 SFRSYM    DATA     BIT       EX1
      00000088H.2 SFRSYM    DATA     BIT       IT1
      000000D0H   SFRSYM    DATA     BIT       P
      00000098H.7 SFRSYM    DATA     BIT       SM0
      0000008AH   SFRSYM    DATA     BYTE      TL0
      00000098H.6 SFRSYM    DATA     BIT       SM1
      0000008BH   SFRSYM    DATA     BYTE      TL1
      00000098H.5 SFRSYM    DATA     BIT       SM2
      000000B8H.1 SFRSYM    DATA     BIT       PT0
      000000B8H.3 SFRSYM    DATA     BIT       PT1
      000000D0H.3 SFRSYM    DATA     BIT       RS0
      00000088H.4 SFRSYM    DATA     BIT       TR0
LX51 LINKER/LOCATER V4.66.1.0                                                         05/15/2020  20:24:07  PAGE 13


      000000D0H.4 SFRSYM    DATA     BIT       RS1
      00000088H.6 SFRSYM    DATA     BIT       TR1
      000000B8H   SFRSYM    DATA     BIT       PX0
      000000B8H.2 SFRSYM    DATA     BIT       PX1
      00000083H   SFRSYM    DATA     BYTE      DPH
      00000082H   SFRSYM    DATA     BYTE      DPL
      00000098H.4 SFRSYM    DATA     BIT       REN
      000000B0H   SFRSYM    DATA     BIT       RXD
      000000B0H.1 SFRSYM    DATA     BIT       TXD
      000000D0H.5 SFRSYM    DATA     BIT       F0
      000000D0H   SFRSYM    DATA     BYTE      PSW

      010000E9H   BLOCK     CODE     ---       LVL=0
      010000E9H   LINE      CODE     ---       #8
      010000F1H   LINE      CODE     ---       #10
      010000F9H   LINE      CODE     ---       #11
      01000102H   LINE      CODE     ---       #12
      01000102H   LINE      CODE     ---       #13
      01000108H   LINE      CODE     ---       #14
      01000110H   LINE      CODE     ---       #15
      01000112H   LINE      CODE     ---       #16
      01000117H   LINE      CODE     ---       #17
      0100011AH   LINE      CODE     ---       #18
      0100011AH   LINE      CODE     ---       #20
      ---         BLOCKEND  ---      ---       LVL=0

      ---         MODULE    ---      ---       UART
      00000011H   PUBLIC    DATA     BYTE      UARTReceiveData
      0100015FH   PUBLIC    CODE     ---       UART_receive_data
      01000168H   PUBLIC    CODE     ---       _UART_send_data
      01000134H   PUBLIC    CODE     ---       UART_init
      00000080H   SFRSYM    DATA     BYTE      P0
      00000090H   SFRSYM    DATA     BYTE      P1
      000000A0H   SFRSYM    DATA     BYTE      P2
      000000B0H   SFRSYM    DATA     BYTE      P3
      000000B0H.4 SFRSYM    DATA     BIT       T0
      000000D0H.6 SFRSYM    DATA     BIT       AC
      000000B0H.5 SFRSYM    DATA     BIT       T1
      000000A8H.7 SFRSYM    DATA     BIT       EA
      000000A8H   SFRSYM    DATA     BYTE      IE
      000000B0H.7 SFRSYM    DATA     BIT       RD
      000000A8H.4 SFRSYM    DATA     BIT       ES
      000000B8H   SFRSYM    DATA     BYTE      IP
      00000098H   SFRSYM    DATA     BIT       RI
      000000B0H.2 SFRSYM    DATA     BIT       INT0
      000000D0H.7 SFRSYM    DATA     BIT       CY
      00000098H.1 SFRSYM    DATA     BIT       TI
      000000B0H.3 SFRSYM    DATA     BIT       INT1
      000000B8H.4 SFRSYM    DATA     BIT       PS
      00000081H   SFRSYM    DATA     BYTE      SP
      000000D0H.2 SFRSYM    DATA     BIT       OV
      000000B0H.6 SFRSYM    DATA     BIT       WR
      00000080H   SFRSYM    DATA     BIT       P00
      00000090H   SFRSYM    DATA     BIT       P10
      00000080H.1 SFRSYM    DATA     BIT       P01
      00000099H   SFRSYM    DATA     BYTE      SBUF
      00000087H   SFRSYM    DATA     BYTE      PCON
      000000A0H   SFRSYM    DATA     BIT       P20
      00000090H.1 SFRSYM    DATA     BIT       P11
      00000080H.2 SFRSYM    DATA     BIT       P02
      000000B0H   SFRSYM    DATA     BIT       P30
      000000A0H.1 SFRSYM    DATA     BIT       P21
      00000090H.2 SFRSYM    DATA     BIT       P12
      00000080H.3 SFRSYM    DATA     BIT       P03
      000000B0H.1 SFRSYM    DATA     BIT       P31
LX51 LINKER/LOCATER V4.66.1.0                                                         05/15/2020  20:24:07  PAGE 14


      000000A0H.2 SFRSYM    DATA     BIT       P22
      00000090H.3 SFRSYM    DATA     BIT       P13
      00000080H.4 SFRSYM    DATA     BIT       P04
      00000098H   SFRSYM    DATA     BYTE      SCON
      000000B0H.2 SFRSYM    DATA     BIT       P32
      000000A0H.3 SFRSYM    DATA     BIT       P23
      00000090H.4 SFRSYM    DATA     BIT       P14
      00000080H.5 SFRSYM    DATA     BIT       P05
      00000089H   SFRSYM    DATA     BYTE      TMOD
      00000088H   SFRSYM    DATA     BYTE      TCON
      000000B0H.3 SFRSYM    DATA     BIT       P33
      000000A0H.4 SFRSYM    DATA     BIT       P24
      00000090H.5 SFRSYM    DATA     BIT       P15
      00000080H.6 SFRSYM    DATA     BIT       P06
      000000B0H.4 SFRSYM    DATA     BIT       P34
      000000A0H.5 SFRSYM    DATA     BIT       P25
      00000090H.6 SFRSYM    DATA     BIT       P16
      00000080H.7 SFRSYM    DATA     BIT       P07
      000000B0H.5 SFRSYM    DATA     BIT       P35
      000000A0H.6 SFRSYM    DATA     BIT       P26
      00000090H.7 SFRSYM    DATA     BIT       P17
      000000B0H.6 SFRSYM    DATA     BIT       P36
      000000A0H.7 SFRSYM    DATA     BIT       P27
      000000B0H.7 SFRSYM    DATA     BIT       P37
      00000088H.1 SFRSYM    DATA     BIT       IE0
      00000088H.3 SFRSYM    DATA     BIT       IE1
      000000F0H   SFRSYM    DATA     BYTE      B
      000000E0H   SFRSYM    DATA     BYTE      ACC
      000000A8H.1 SFRSYM    DATA     BIT       ET0
      000000A8H.3 SFRSYM    DATA     BIT       ET1
      00000088H.5 SFRSYM    DATA     BIT       TF0
      00000088H.7 SFRSYM    DATA     BIT       TF1
      00000098H.2 SFRSYM    DATA     BIT       RB8
      0000008CH   SFRSYM    DATA     BYTE      TH0
      000000A8H   SFRSYM    DATA     BIT       EX0
      00000088H   SFRSYM    DATA     BIT       IT0
      0000008DH   SFRSYM    DATA     BYTE      TH1
      00000098H.3 SFRSYM    DATA     BIT       TB8
      000000A8H.2 SFRSYM    DATA     BIT       EX1
      00000088H.2 SFRSYM    DATA     BIT       IT1
      000000D0H   SFRSYM    DATA     BIT       P
      00000098H.7 SFRSYM    DATA     BIT       SM0
      0000008AH   SFRSYM    DATA     BYTE      TL0
      00000098H.6 SFRSYM    DATA     BIT       SM1
      0000008BH   SFRSYM    DATA     BYTE      TL1
      00000098H.5 SFRSYM    DATA     BIT       SM2
      000000B8H.1 SFRSYM    DATA     BIT       PT0
      000000B8H.3 SFRSYM    DATA     BIT       PT1
      000000D0H.3 SFRSYM    DATA     BIT       RS0
      00000088H.4 SFRSYM    DATA     BIT       TR0
      000000D0H.4 SFRSYM    DATA     BIT       RS1
      00000088H.6 SFRSYM    DATA     BIT       TR1
      000000B8H   SFRSYM    DATA     BIT       PX0
      000000B8H.2 SFRSYM    DATA     BIT       PX1
      00000083H   SFRSYM    DATA     BYTE      DPH
      00000082H   SFRSYM    DATA     BYTE      DPL
      00000098H.4 SFRSYM    DATA     BIT       REN
      000000B0H   SFRSYM    DATA     BIT       RXD
      000000B0H.1 SFRSYM    DATA     BIT       TXD
      000000D0H.5 SFRSYM    DATA     BIT       F0
      000000D0H   SFRSYM    DATA     BYTE      PSW

      01000134H   BLOCK     CODE     ---       LVL=0
      01000134H   LINE      CODE     ---       #6
      01000134H   LINE      CODE     ---       #7
LX51 LINKER/LOCATER V4.66.1.0                                                         05/15/2020  20:24:07  PAGE 15


      01000134H   LINE      CODE     ---       #8
      01000136H   LINE      CODE     ---       #9
      01000138H   LINE      CODE     ---       #10
      0100013AH   LINE      CODE     ---       #11
      0100013CH   LINE      CODE     ---       #12
      0100013EH   LINE      CODE     ---       #13
      01000140H   LINE      CODE     ---       #14
      ---         BLOCKEND  ---      ---       LVL=0

      01000168H   BLOCK     CODE     ---       LVL=0
      00000007H   SYMBOL    DATA     BYTE      data_to_send
      01000168H   LINE      CODE     ---       #18
      01000168H   LINE      CODE     ---       #19
      01000168H   LINE      CODE     ---       #20
      0100016AH   LINE      CODE     ---       #21
      0100016DH   LINE      CODE     ---       #22
      0100016FH   LINE      CODE     ---       #23
      ---         BLOCKEND  ---      ---       LVL=0

      0100015FH   BLOCK     CODE     ---       LVL=0
      0100015FH   LINE      CODE     ---       #26
      0100015FH   LINE      CODE     ---       #28
      01000162H   LINE      CODE     ---       #29
      01000165H   LINE      CODE     ---       #30
      01000167H   LINE      CODE     ---       #31
      ---         BLOCKEND  ---      ---       LVL=0

      ---         MODULE    ---      ---       ?C_STARTUP
      01000000H   PUBLIC    CODE     NEAR LAB  ?C_STARTUP
      000000E0H   SFRSYM    DATA     BYTE      ACC
      000000F0H   SFRSYM    DATA     BYTE      B
      00000083H   SFRSYM    DATA     BYTE      DPH
      00000082H   SFRSYM    DATA     BYTE      DPL
      000000A0H   SFRSYM    DATA     BYTE      PPAGE_SFR
      00000081H   SFRSYM    DATA     BYTE      SP
      00000000H   SYMBOL    NUMBER   ---       IBPSTACK
      00000100H   SYMBOL    NUMBER   ---       IBPSTACKTOP
      00000080H   SYMBOL    NUMBER   ---       IDATALEN
      01000178H   SYMBOL    CODE     NEAR LAB  IDATALOOP
      00000000H   SYMBOL    NUMBER   ---       PBPSTACK
      00000100H   SYMBOL    NUMBER   ---       PBPSTACKTOP
      00000000H   SYMBOL    NUMBER   ---       PDATALEN
      00000000H   SYMBOL    NUMBER   ---       PDATASTART
      00000000H   SYMBOL    NUMBER   ---       PPAGE
      00000000H   SYMBOL    NUMBER   ---       PPAGEENABLE
      01000175H   SYMBOL    CODE     NEAR LAB  STARTUP1
      00000000H   SYMBOL    NUMBER   ---       XBPSTACK
      00010000H   SYMBOL    NUMBER   ---       XBPSTACKTOP
      00000000H   SYMBOL    NUMBER   ---       XDATALEN
      00000000H   SYMBOL    NUMBER   ---       XDATASTART

      01000000H   BLOCK     CODE     NEAR LAB  LVL=0
      01000000H   LINE      CODE     ---       #126
      ---         BLOCKEND  ---      ---       LVL=0

      01000175H   BLOCK     CODE     NEAR LAB  LVL=0
      01000175H   LINE      CODE     ---       #133
      01000177H   LINE      CODE     ---       #134
      01000178H   LINE      CODE     ---       #135
      01000179H   LINE      CODE     ---       #136
      0100017BH   LINE      CODE     ---       #185
      0100017EH   LINE      CODE     ---       #196
      ---         BLOCKEND  ---      ---       LVL=0

      ---         MODULE    ---      ---       ?C_INIT
LX51 LINKER/LOCATER V4.66.1.0                                                         05/15/2020  20:24:07  PAGE 16


      010001BCH   PUBLIC    CODE     ---       ?C_START

      ---         MODULE    ---      ---       ?C?IMUL
      01000201H   PUBLIC    CODE     ---       ?C?IMUL

      ---         MODULE    ---      ---       ?C?UIDIV
      01000213H   PUBLIC    CODE     ---       ?C?UIDIV

Program Size: data=19.0 xdata=0 const=112 code=635
LX51 RUN COMPLETE.  0 WARNING(S),  0 ERROR(S)
